{smcl}
{txt}{sf}{ul off}{.-}
      name:  {res}<unnamed>
       {txt}log:  {res}C:\Users\aljosephson\Dropbox\COVID\UVM/13July_foodsecreg.smcl
  {txt}log type:  {res}smcl
 {txt}opened on:  {res}13 Jul 2020, 09:04:46
{txt}
{com}. 
. * **********************************************************************
. * 1 - 
. * **********************************************************************
. 
. * looking at food security variables
. * using long data set           
. 
. use             "C:\Users\aljosephson\Dropbox\COVID\UVM\UVM_9July.dta", clear 
{txt}
{com}. 
{txt}end of do-file

{com}. tab food_sec_bin
{bf}{err}food_sec_bin{sf} ambiguous abbreviation
{txt}{search r(111), local:r(111);}

{com}. tab food_sec_bin_comp_year30

{txt}food_sec_bi {c |}
n_comp_year {c |}
         30 {c |}      Freq.     Percent        Cum.
{hline 12}{c +}{hline 35}
          0 {c |}{res}      2,008       81.96       81.96
{txt}          1 {c |}{res}        442       18.04      100.00
{txt}{hline 12}{c +}{hline 35}
      Total {c |}{res}      2,450      100.00

{com}. tab food_sec_bin_comp_covid30

{txt}food_sec_bi {c |}
n_comp_covi {c |}
        d30 {c |}      Freq.     Percent        Cum.
{hline 12}{c +}{hline 35}
          0 {c |}{res}      1,902       78.27       78.27
{txt}          1 {c |}{res}        528       21.73      100.00
{txt}{hline 12}{c +}{hline 35}
      Total {c |}{res}      2,430      100.00

{com}. do "C:\Users\ALJOSE~1\AppData\Local\Temp\STD2f30_000000.tmp"
{txt}
{com}. use             "C:\Users\aljosephson\Dropbox\COVID\UVM\UVM_10July_wide.dta", clear 
{txt}
{com}. 
{txt}end of do-file

{com}. tab food_sec_yearcov

      {txt}-1 if {c |}
     become {c |}
  secure in {c |}
covid, 0 if {c |}
food secure {c |}
       both {c |}
 periods, 1 {c |}
  if become {c |}
    insecur {c |}      Freq.     Percent        Cum.
{hline 12}{c +}{hline 35}
         -1 {c |}{res}         25        2.09        2.09
{txt}          0 {c |}{res}        873       73.12       75.21
{txt}          1 {c |}{res}        114        9.55       84.76
{txt}          2 {c |}{res}        182       15.24      100.00
{txt}{hline 12}{c +}{hline 35}
      Total {c |}{res}      1,194      100.00

{com}. poisosn food_sec_yearcov money_sources_unemp_T2
{err}command {bf}poisosn{sf} is unrecognized
{txt}{search r(199), local:r(199);}

{com}. poisosn food_sec_yearcov money_sources_unemp_T2
{err}command {bf}poisosn{sf} is unrecognized
{txt}{search r(199), local:r(199);}

{com}. poisson food_sec_yearcov money_sources_unemp_T2
{err}food_sec_yearcov must be greater than or equal to zero
{txt}{search r(459), local:r(459);}

{com}. tab food_sec_yearcov

      {txt}-1 if {c |}
     become {c |}
  secure in {c |}
covid, 0 if {c |}
food secure {c |}
       both {c |}
 periods, 1 {c |}
  if become {c |}
    insecur {c |}      Freq.     Percent        Cum.
{hline 12}{c +}{hline 35}
         -1 {c |}{res}         25        2.09        2.09
{txt}          0 {c |}{res}        873       73.12       75.21
{txt}          1 {c |}{res}        114        9.55       84.76
{txt}          2 {c |}{res}        182       15.24      100.00
{txt}{hline 12}{c +}{hline 35}
      Total {c |}{res}      1,194      100.00

{com}. gen rfood_sec_yc = food_sec_yearcov
{txt}(42 missing values generated)

{com}. replace rfood_sec_yc = 3 if food_sec_yearcov == - 1
{txt}(25 real changes made)

{com}. tab rfood_sec_yc

{txt}rfood_sec_y {c |}
          c {c |}      Freq.     Percent        Cum.
{hline 12}{c +}{hline 35}
          0 {c |}{res}        873       73.12       73.12
{txt}          1 {c |}{res}        114        9.55       82.66
{txt}          2 {c |}{res}        182       15.24       97.91
{txt}          3 {c |}{res}         25        2.09      100.00
{txt}{hline 12}{c +}{hline 35}
      Total {c |}{res}      1,194      100.00

{com}. poisson rfood_sec_yc money_sources_unemp_T2
{res}
{txt}Iteration 0:{space 3}log likelihood = {res:-1071.4615}  
Iteration 1:{space 3}log likelihood = {res:-1071.4612}  
Iteration 2:{space 3}log likelihood = {res:-1071.4612}  
{res}
{txt}Poisson regression{col 49}Number of obs{col 67}= {res}     1,145
{txt}{col 49}LR chi2({res}1{txt}){col 67}= {res}     29.12
{txt}{col 49}Prob > chi2{col 67}= {res}    0.0000
{txt}Log likelihood = {res}-1071.4612{txt}{col 49}Pseudo R2{col 67}= {res}    0.0134

{txt}{hline 14}{c TT}{hline 11}{hline 11}{hline 9}{hline 8}{hline 13}{hline 12}
{col 1} rfood_sec_yc{col 15}{c |}      Coef.{col 27}   Std. Err.{col 39}      z{col 47}   P>|z|{col 55}     [95% Con{col 68}f. Interval]
{hline 14}{c +}{hline 11}{hline 11}{hline 9}{hline 8}{hline 13}{hline 12}
money_so~p_T2 {c |}{col 15}{res}{space 2} .5415573{col 27}{space 2} .0963494{col 38}{space 1}    5.62{col 47}{space 3}0.000{col 55}{space 4}  .352716{col 68}{space 3} .7303986
{txt}{space 8}_cons {c |}{col 15}{res}{space 2}-.9272198{col 27}{space 2} .0524142{col 38}{space 1}  -17.69{col 47}{space 3}0.000{col 55}{space 4} -1.02995{col 68}{space 3}-.8244898
{txt}{hline 14}{c BT}{hline 11}{hline 11}{hline 9}{hline 8}{hline 13}{hline 12}

{com}. ologit rfood_sec_yc money_sources_unemp_T2

{res}{txt}Iteration 0:{space 3}log likelihood = {res:-926.57064}  
Iteration 1:{space 3}log likelihood = {res:-915.34238}  
Iteration 2:{space 3}log likelihood = {res:-915.13536}  
Iteration 3:{space 3}log likelihood = {res:-915.13533}  
{res}
{txt}Ordered logistic regression{col 49}Number of obs{col 67}= {res}     1,145
{txt}{col 49}LR chi2({res}1{txt}){col 67}= {res}     22.87
{txt}{col 49}Prob > chi2{col 67}= {res}    0.0000
{txt}Log likelihood = {res}-915.13533{txt}{col 49}Pseudo R2{col 67}= {res}    0.0123

{txt}{hline 14}{c TT}{hline 11}{hline 11}{hline 9}{hline 8}{hline 13}{hline 12}
{col 1} rfood_sec_yc{col 15}{c |}      Coef.{col 27}   Std. Err.{col 39}      z{col 47}   P>|z|{col 55}     [95% Con{col 68}f. Interval]
{hline 14}{c +}{hline 11}{hline 11}{hline 9}{hline 8}{hline 13}{hline 12}
money_so~p_T2 {c |}{col 15}{res}{space 2} .7476418{col 27}{space 2}  .153015{col 38}{space 1}    4.89{col 47}{space 3}0.000{col 55}{space 4} .4477379{col 68}{space 3} 1.047546
{txt}{hline 14}{c +}{hline 11}{hline 11}{hline 9}{hline 8}{hline 13}{hline 12}
{space 8}/cut1 {c |}{col 15}{res}{space 2} 1.195155{col 27}{space 2} .0780077{col 55}{space 4} 1.042263{col 68}{space 3} 1.348047
{txt}{space 8}/cut2 {c |}{col 15}{res}{space 2} 1.775171{col 27}{space 2} .0896685{col 55}{space 4} 1.599424{col 68}{space 3} 1.950918
{txt}{space 8}/cut3 {c |}{col 15}{res}{space 2} 4.128174{col 27}{space 2} .2203963{col 55}{space 4} 3.696205{col 68}{space 3} 4.560143
{txt}{hline 14}{c BT}{hline 11}{hline 11}{hline 9}{hline 8}{hline 13}{hline 12}

{com}. tab loss_hours_today_T2

{txt}loss_hours_ {c |}
   today_T2 {c |}      Freq.     Percent        Cum.
{hline 12}{c +}{hline 35}
          0 {c |}{res}        733       69.41       69.41
{txt}          1 {c |}{res}        323       30.59      100.00
{txt}{hline 12}{c +}{hline 35}
      Total {c |}{res}      1,056      100.00

{com}. tab rfood_sec_yc, missing

{txt}rfood_sec_y {c |}
          c {c |}      Freq.     Percent        Cum.
{hline 12}{c +}{hline 35}
          0 {c |}{res}        873       70.63       70.63
{txt}          1 {c |}{res}        114        9.22       79.85
{txt}          2 {c |}{res}        182       14.72       94.58
{txt}          3 {c |}{res}         25        2.02       96.60
{txt}          . {c |}{res}         42        3.40      100.00
{txt}{hline 12}{c +}{hline 35}
      Total {c |}{res}      1,236      100.00

{com}. tab loss_job_last30_T2

{txt}loss_job_la {c |}
    st30_T2 {c |}      Freq.     Percent        Cum.
{hline 12}{c +}{hline 35}
          0 {c |}{res}        882       83.52       83.52
{txt}          1 {c |}{res}        174       16.48      100.00
{txt}{hline 12}{c +}{hline 35}
      Total {c |}{res}      1,056      100.00

{com}. tab loss_furlough_last30_T2
{err}variable {bf}loss_furlough_last30_T2{sf} not found
{txt}{search r(111), local:r(111);}

{com}. tab loss_furlo_last30_T2

{txt}loss_furlo_ {c |}
  last30_T2 {c |}      Freq.     Percent        Cum.
{hline 12}{c +}{hline 35}
          0 {c |}{res}        939       88.92       88.92
{txt}          1 {c |}{res}        117       11.08      100.00
{txt}{hline 12}{c +}{hline 35}
      Total {c |}{res}      1,056      100.00

{com}. 